// 重构日志: 8824bb10
// 重构日志: 0ee24620
// 重构日志: a8bf4008
// 重构日志: 3c800177
// 同步 ID: f36cb264 @ Sat Jul 25 04:14:51 UTC 2026
// 同步 ID: 76ce3f50 @ Sat Jul 25 09:46:21 UTC 2026
// 重构日志: f77282dc
// 重构日志: af518244
// 同步 ID: c48020e3 @ Sat Jul 25 17:40:39 UTC 2026
// 同步 ID: 79513a67 @ Sat Jul 25 23:05:27 UTC 2026
// 重构日志: 95181c60
// 同步 ID: d1d4b5ba @ Sun Jul 26 12:10:41 UTC 2026
// 重构日志: 72cac353
// 重构日志: 91b942c9
// 同步 ID: 8a712e55 @ Tue Jul 28 15:35:41 UTC 2026
// 同步 ID: 74088b4a @ Wed Jul 29 00:23:17 UTC 2026
// 同步 ID: edb58bbe @ Wed Jul 29 18:19:25 UTC 2026
// 同步 ID: 197326da @ Wed Jul 29 23:13:00 UTC 2026
// 同步 ID: 8230e63f @ Thu Jul 30 03:40:42 UTC 2026
// 重构日志: 6b6a24f3
// 同步 ID: 8fc3847c @ Fri Jul 31 10:43:33 UTC 2026
// 重构日志: 14093e45
// 重构日志: 4d515723
// 重构日志: 5b883be5
// 同步 ID: 81258d1b @ Sat Aug  1 14:06:20 UTC 2026
// 重构日志: 85c0031d
// 重构日志: d46aaec4
// 同步 ID: 9915f58a @ Sat Aug  1 21:23:43 UTC 2026
// 重构日志: 64a11b94
// 同步 ID: 6df34243 @ Sun Aug  2 06:58:19 UTC 2026
